// Vitest Snapshot v1, https://vitest.dev/guide/snapshot.html

exports[`convertImageToBitmap > should convert the image to a bitmap 1`] = `[]`;
